[playerzpot.com/playerzpot-app-download.html]
[backblue.gif]
[fade.gif]
[index.html]
[cdn.playerzpot.com/images/playerzpot-web-new-logos.png]
[cdn.playerzpot.com/images/center_banner_web.png]
[cdn.playerzpot.com/images/ppm-fav.png]
[maxcdn.bootstrapcdn.com/bootstrap/3.1.1/css/bootstrap.min.css]
[cdn.jsdelivr.net/npm/slick-carousel@1.8.1/slick/slick.css]
[playerzpot.com/desktop_assets/css/playerzpot.mind797.css]
[playerzpot.com/fantasy-sports-app-download.html]
[www.google-analytics.com/analytics.js]
[www.googleoptimize.com/optimize195b.js]
[cdnjs.cloudflare.com/ajax/libs/magnific-popup.js/1.1.0/magnific-popup.min.css]
[connect.facebook.net/en_US/fbevents.js]
[cdn.playerzpot.com/images/path_2.png]
[cdn.playerzpot.com/images/path_three.png]
[cdn.playerzpot.com/images/path_4.png]
[cdn.playerzpot.com/images/path_5.png]
[cdn.playerzpot.com/images/path_6.png]
[cdn.playerzpot.com/images/path_7.png]
[cdn.playerzpot.com/images/downloadPlayerzpotApp_1.png]
[cdn.playerzpot.com/images/downloadPlayerzpotApp_2.png]
[cdn.playerzpot.com/images/downloadPlayerzpotApp_3.png]
[cdn.playerzpot.com/images/downloadPlayerzpotApp_4.png]
[cdn.playerzpot.com/images/downloadPlayerzpotApp_5.png]
[cdn.playerzpot.com/images/downloadPlayerzpotApp_6.png]
[cdn.playerzpot.com/images/downloadPlayerzpotApp_7.png]
[cdn.playerzpot.com/images/five-stars.png]
[cdn.playerzpot.com/images/saif_khan.png]
[cdn.playerzpot.com/images/Subham-Thakur.png]
[cdn.playerzpot.com/images/ram-kishore.png]
[cdn.playerzpot.com/images/abir.png]
[playerzpot.com/disclaimers.html]
[playerzpot.com/policy.html]
[playerzpot.com/contact-us.html]
[ajax.googleapis.com/ajax/libs/jquery/3.1.1/jquery.min.js]
[cdn.playerzpot.com/images/app-banner-one.png]
[cdn.playerzpot.com/images/app-banner-two.png]
[cdn.playerzpot.com/images/app-banner-three.png]
[cdn.playerzpot.com/images/app-banner-four.png]
[cdn.playerzpot.com/images/app-banner-five.png]
[cdn.playerzpot.com/images/app-banner-six.png]
[playerzpot.com/desktop_assets/js/download-ourapp.min.js]
[cdn.jsdelivr.net/npm/slick-carousel@1.8.1/slick/slick.min.js]
[playerzpot.com/playerzpot-app-download.html]
[maxcdn.bootstrapcdn.com/bootstrap/3.1.1/css/bootstrap.min.css]
[cdn.jsdelivr.net/npm/slick-carousel@1.8.1/slick/slick.css]
[cdnjs.cloudflare.com/ajax/libs/magnific-popup.js/1.1.0/jquery.magnific-popup.min.js]
[playerzpot.com/desktop_assets/img/sprite-social.png]
[playerzpot.com/desktop_assets/img/404bg.png]
[playerzpot.com/desktop_assets/img/download-app-strip.png]
[playerzpot.com/desktop_assets/img/bg.jpg]
[playerzpot.com/desktop_assets/img/new-bg-final.jpg]
[playerzpot.com/desktop_assets/fonts/OpenSans-Regular.ttf]
[playerzpot.com/desktop_assets/fonts/OpenSans-Bold.ttf]
[playerzpot.com/desktop_assets/fonts/OpenSans-SemiBold.ttf]
[playerzpot.com/desktop_assets/fonts/OpenSans-ExtraBold.ttf]
[playerzpot.com/desktop_assets/img/updated-banners.jpg]
[playerzpot.com/desktop_assets/img/css_sprites_new.png]
[playerzpot.com/desktop_assets/img/gray-strip-top.png]
[playerzpot.com/desktop_assets/img/gray-strip-bottom.png]
[playerzpot.com/desktop_assets/img/banner-bg-designs-left.png]
[playerzpot.com/desktop_assets/img/banner_left_patch_new.png]
[playerzpot.com/desktop_assets/img/blackberry.png]
[playerzpot.com/desktop_assets/img/sprite_ipl.png]
[playerzpot.com/desktop_assets/css/playerzpot.mind797.css]
[cdn.playerzpot.com/images/walkThrough-2.png]
[cdn.playerzpot.com/images/walkThrough-3.png]
[cdn.playerzpot.com/images/walkThrough-4.png]
[playerzpot.com/how-to-win/cricket.html]
[playerzpot.com/how-to-play/cricket.html]
[playerzpot.com/index.html]
[cdn.playerzpot.com/images/check-offers.png]
[playerzpot.com/offers/index.html]
[cdn.playerzpot.com/images/mascot-new-img.png]
[cdn.playerzpot.com/images/Android-button-new.png]
[cdn.playerzpot.com/images/ios-button-new.png]
[cdn.playerzpot.com/images/telegrams-news.png]
[cdn.playerzpot.com/images/walkThrough-1.png]
[cdn.playerzpot.com/images/league-mode-view.png]
[cdn.playerzpot.com/images/join-pot-view.png]
[cdn.playerzpot.com/images/view-team-view.png]
[cdn.playerzpot.com/images/tournament-view.png]
[cdn.playerzpot.com/images/weekly-task-view.png]
[playerzpot.com/fantasy-football-app-download.html]
[playerzpot.com/fantasy-kabaddi-app-download.html]
[playerzpot.com/fantasy-hockey-app-download.html]
[playerzpot.com/fantasy-basketball-app-download.html]
[cdn.playerzpot.com/images/adnan-khan.png]
[cdn.playerzpot.com/images/Rajat-Ahluwalia.png]
[cdn.playerzpot.com/images/Arun-Reddy.png]
[cdn.playerzpot.com/images/Dileep-KM.png]
[cdn.playerzpot.com/images/Rakshit-Chopra.png]
[cdn.playerzpot.com/images/Supriyo-Das.png]
[cdn.playerzpot.com/images/test-2.png]
[cdn.playerzpot.com/images/test-3.png]
[cdn.playerzpot.com/images/test-1.png]
[cdn.playerzpot.com/images/test-4.png]
[cdn.playerzpot.com/images/suraj-kumar.png]
[cdn.playerzpot.com/images/arjun-singh.png]
[cdn.playerzpot.com/images/transfr-detail.png]
[cdn.playerzpot.com/images/spl-newc.png]
[cdn.playerzpot.com/images/fifs-latest-image.png]
[playerzpot.com/aboutus.html]
[playerzpot.com/fantasy-baseball-app-download.html]
[playerzpot.com/fantasy-chess.html]
[playerzpot.com/sheep-fight.html]
[playerzpot.com/quiz.html]
[playerzpot.com/sports-quizzes.html]
[playerzpot.com/snake-and-ladder-app-download.html]
[playerzpot.com/terms.html]
[playerzpot.com/faq.html]
[playerzpot.com/legals.html]
[playerzpot.com/offers/Refer_earn.html]
[playerzpot.com/ipl-leaderboard.html]
[playerzpot.com/latest-update.html]
[cdn.playerzpot.com/images/ppmlogo_grey.png]
[playerzpot.com/desktop_assets/js/ppm.min.js]
[maxcdn.bootstrapcdn.com/bootstrap/3.1.1/js/bootstrap.min.js]
[playerzpot.com/desktop_assets/js/app-download.min.js]
[playerzpot.com/fantasy-sports-app-download.html]
[playerzpot.com/desktop_assets/js/comp.min.js]
[www.googletagmanager.com/gtm5445.html]
[cdnjs.cloudflare.com/ajax/libs/magnific-popup.js/1.1.0/magnific-popup.min.css]
[playerzpot.com/POST]
[connect.facebook.net/en_US/fbevents.js]
[cdn.playerzpot.com/images/new_close_btn_navbar.png]
[cdn.playerzpot.com/images/ppm_mascot.png]
[playerzpot.com/disclaimers.html]
[playerzpot.com/policy.html]
[static.zdassets.com/ekr/snippetf84c.js]
[playerzpot.com/contact-us.html]
[playerzpot.com/desktop_assets/img/banner_left_patch_new.html]
[static.zdassets.com/ekr/asset_composer08e2.js]
[cdn.playerzpot.com/images/menu_mobile.png]
[cdn.playerzpot.com/images/playerzpot-new-logo.png]
[playerzpot.com/desktop_assets/img/bhuvi-k.png]
[playerzpot.com/desktop_assets/img/smriti-m.png]
[playerzpot.com/desktop_assets/img/Logo-new-1.png]
[playerzpot.com/desktop_assets/img/Image-44.png]
[cdn.playerzpot.com/images/how-to-play-video-new.png]
[playerzpot.com/cricket-world-cup-2019-matches/India-Vs-Pakistan.html]
[playerzpot.com/cricket-world-cup-2019-matches/England-Vs-Bangladesh.html]
[playerzpot.com/cricket-world-cup-2019-matches/South-Africa-Vs-West-Indies.html]
[playerzpot.com/cricket-world-cup-2019-matches/Sri-Lanka-Vs-Australia.html]
[playerzpot.com/cricket-world-cup-2019-teams/india.html]
[playerzpot.com/cricket-world-cup-2019-matches/index.html]
[playerzpot.com/cricket-world-cup-2019-teams/australia.html]
[playerzpot.com/cricket-world-cup-2019-teams/england.html]
[playerzpot.com/cricket-world-cup-2019-teams/newzeland.html]
[playerzpot.com/pkl-teams-2019/mumbai.html]
[playerzpot.com/pkl-teams-2019/pune.html]
[playerzpot.com/cricket-world-cup-2019-teams/index.html]
[playerzpot.com/pkl-teams-2019/gujarat.html]
[playerzpot.com/pkl-teams-2019/telugu.html]
[playerzpot.com/pkl-teams-2019/index.html]
[playerzpot.com/desktop_assets/js/slick.min.js]
[playerzpot.com/index.html]
[playerzpot.com/how-to-win/football.html]
[playerzpot.com/how-to-win/kabaddi.html]
[playerzpot.com/how-to-win/hockey.html]
[playerzpot.com/how-to-win/cricket.html]
[playerzpot.com/how-to-win/basketball.html]
[playerzpot.com/how-to-play/football.html]
[playerzpot.com/how-to-play/kabaddi.html]
[playerzpot.com/how-to-play/hockey.html]
[playerzpot.com/how-to-play/basketball.html]
[playerzpot.com/how-to-play/baseball.html]
[playerzpot.com/how-to-play/volleyball.html]
[playerzpot.com/how-to-play/handball.html]
[playerzpot.com/how-to-play/games.html]
[cdn.playerzpot.com/images/gems.png]
[cdn.playerzpot.com/images/star-player-dark-blue.png]
[cdn.playerzpot.com/images/captain-dark-blue.png]
[playerzpot.com/how-to-play/cricket.html]
[playerzpot.com/offers/IFL-Leaderboard.html]
[cdn.playerzpot.com/banners/w_1608057174.png]
[playerzpot.com/offers/100-percent-Cashback-on-First-deposit.html]
[cdn.playerzpot.com/banners/w_1582896289.png]
[cdn.playerzpot.com/banners/w_1598943556.png]
[playerzpot.com/offers/index.html]
[cdn.playerzpot.com/images/football-dawin.png]
[cdn.playerzpot.com/images/full-star.png]
[cdn.playerzpot.com/images/halfs-star.png]
[cdn.playerzpot.com/images/app-look-one.png]
[cdn.playerzpot.com/images/app-look-two.png]
[cdn.playerzpot.com/images/new-third-step.png]
[cdn.playerzpot.com/images/app-look-for.png]
[cdn.playerzpot.com/images/app-look-fiv.png]
[playerzpot.com/fantasy-football-app-download.html]
[cdn.playerzpot.com/images/kabaddi-dawin.png]
[playerzpot.com/fantasy-kabaddi-app-download.html]
[cdn.playerzpot.com/images/hockey-dawin.png]
[playerzpot.com/fantasy-hockey-app-download.html]
[cdn.playerzpot.com/images/basketball-mascots.png]
[playerzpot.com/fantasy-basketball-app-download.html]
[playerzpot.com/aboutus.html]
[cdn.playerzpot.com/images/baseball-mascots.png]
[playerzpot.com/fantasy-baseball-app-download.html]
[cdn.playerzpot.com/images/fantasy-chess.png]
[playerzpot.com/fantasy-chess.html]
[cdn.playerzpot.com/images/sheep-fight.png]
[playerzpot.com/sheep-fight.html]
[playerzpot.com/quiz.html]
[cdn.playerzpot.com/images/wt-2.jpg]
[cdn.playerzpot.com/images/wt-3.jpg]
[cdn.playerzpot.com/images/wt-4.jpg]
[cdn.playerzpot.com/images/mascot-quiz.png]
[cdn.playerzpot.com/images/sports-quiz-one.png]
[cdn.playerzpot.com/images/sports-quiz-two.png]
[cdn.playerzpot.com/images/sports-quiz-three.png]
[cdn.playerzpot.com/images/sports-quiz-five.png]
[cdn.playerzpot.com/images/sports-quiz-six.png]
[cdn.playerzpot.com/images/sports-play.png]
[cdn.playerzpot.com/images/sports-earning.png]
[cdn.playerzpot.com/images/sports-refer.png]
[cdn.playerzpot.com/icons/quiz-center.png]
[cdn.playerzpot.com/images/sports-answer.png]
[cdn.playerzpot.com/images/sports-quiz.png]
[cdn.playerzpot.com/images/sports-earn.png]
[cdn.playerzpot.com/images/stepss-one.png]
[cdn.playerzpot.com/images/stepss-two.png]
[cdn.playerzpot.com/images/stepss-three.png]
[cdn.playerzpot.com/images/stepss-four.png]
[playerzpot.com/sports-quizzes.html]
[cdn.playerzpot.com/images/snake-mascot-new.png]
[cdn.playerzpot.com/images/snakeladder-one.png]
[cdn.playerzpot.com/images/snakeladder-two.png]
[cdn.playerzpot.com/images/snakeladder-three.png]
[cdn.playerzpot.com/images/snakeladder-four.png]
[cdn.playerzpot.com/images/snakeladder-six.html]
[playerzpot.com/snake-and-ladder-app-download.html]
[playerzpot.com/terms.html]
[playerzpot.com/faq.html]
[playerzpot.com/legals.html]
[playerzpot.com/offers/Refer_earn.html]
[playerzpot.com/ipl-leaderboard.html]
[playerzpot.com/latest-update.html]
[playerzpot.com/POST.html]
[playerzpot.com/cricket-world-cup-2019-matches/India-Vs-Pakistan.html]
[playerzpot.com/cricket-world-cup-2019-matches/England-Vs-Bangladesh.html]
[playerzpot.com/cricket-world-cup-2019-matches/South-Africa-Vs-West-Indies.html]
[playerzpot.com/cricket-world-cup-2019-matches/Sri-Lanka-Vs-Australia.html]
[playerzpot.com/cricket-world-cup-2019-matches/index.html]
[playerzpot.com/cricket-world-cup-2019-teams/india.html]
[playerzpot.com/cricket-world-cup-2019-teams/australia.html]
[playerzpot.com/cricket-world-cup-2019-teams/england.html]
[playerzpot.com/cricket-world-cup-2019-teams/newzeland.html]
[playerzpot.com/cricket-world-cup-2019-teams/index.html]
[playerzpot.com/pkl-teams-2019/mumbai.html]
[playerzpot.com/pkl-teams-2019/pune.html]
[playerzpot.com/pkl-teams-2019/gujarat.html]
[playerzpot.com/pkl-teams-2019/telugu.html]
[playerzpot.com/pkl-teams-2019/index.html]
[playerzpot.com/how-to-win/football.html]
[playerzpot.com/how-to-win/kabaddi.html]
[playerzpot.com/how-to-win/hockey.html]
[playerzpot.com/how-to-win/basketball.html]
[playerzpot.com/how-to-play/football.html]
[playerzpot.com/how-to-play/kabaddi.html]
[playerzpot.com/how-to-play/hockey.html]
[playerzpot.com/how-to-play/basketball.html]
[playerzpot.com/how-to-play/baseball.html]
[playerzpot.com/how-to-play/volleyball.html]
[playerzpot.com/how-to-play/handball.html]
[playerzpot.com/how-to-play/games.html]
[playerzpot.com/offers/IFL-Leaderboard.html]
[playerzpot.com/offers/100-percent-Cashback-on-First-deposit.html]
[cdn.playerzpot.com/images/sports-earn.html]
[cdn.playerzpot.com/images/snakeladder-two.png]
